分类: 央视频道, 名称: CCTV-1, 有效: 5, IPv4: 12, IPv6: 0, 最小延迟: 246 ms, 最高速率: 12.51 M/s, 平均速率: 7.34 M/s, 最高分辨率: 1920x1080, 平均帧率: 未知, 视频编解码器: 未知, 音频编解码器: 未知
分类: 央视频道, 名称: CCTV-2, 有效: 2, IPv4: 2, IPv6: 0, 最小延迟: 215 ms, 最高速率: 3.69 M/s, 平均速率: 3.59 M/s, 最高分辨率: 1280x720, 平均帧率: 未知, 视频编解码器: 未知, 音频编解码器: 未知
分类: 央视频道, 名称: CCTV-7, 有效: 1, IPv4: 2, IPv6: 0, 最小延迟: 331 ms, 最高速率: 6.30 M/s, 平均速率: 6.30 M/s, 最高分辨率: 1280x720, 平均帧率: 未知, 视频编解码器: 未知, 音频编解码器: 未知
分类: 央视频道, 名称: CCTV-5+, 有效: 1, IPv4: 2, IPv6: 0, 最小延迟: 9408 ms, 最高速率: 0.67 M/s, 平均速率: 0.67 M/s, 最高分辨率: 1920x1080, 平均帧率: 50.00, 视频编解码器: h264, 音频编解码器: mp2
分类: 北京, 名称: 北京影视, 有效: 0, IPv4: 1, IPv6: 0, 最小延迟: -1 ms, 最高速率: 0.00 M/s, 平均速率: 0.00 M/s, 最高分辨率: 1280x720, 平均帧率: 未知, 视频编解码器: 未知, 音频编解码器: 未知
分类: 北京, 名称: 北京卫视, 有效: 1, IPv4: 1, IPv6: 0, 最小延迟: 3610 ms, 最高速率: 0.92 M/s, 平均速率: 0.92 M/s, 最高分辨率: 1920x1080, 平均帧率: 未知, 视频编解码器: 未知, 音频编解码器: 未知
分类: 央视频道, 名称: CCTV-4, 有效: 1, IPv4: 3, IPv6: 0, 最小延迟: 213 ms, 最高速率: 2.47 M/s, 平均速率: 2.47 M/s, 最高分辨率: 1920x1080, 平均帧率: 50.00, 视频编解码器: h264, 音频编解码器: mp2
分类: 央视频道, 名称: CCTV-9, 有效: 0, IPv4: 1, IPv6: 0, 最小延迟: 1305 ms, 最高速率: 0.16 M/s, 平均速率: 0.00 M/s, 最高分辨率: 720x576, 平均帧率: 25.00, 视频编解码器: h264, 音频编解码器: aac
分类: 央视频道, 名称: CCTV-8, 有效: 1, IPv4: 2, IPv6: 0, 最小延迟: 231 ms, 最高速率: 4.05 M/s, 平均速率: 4.05 M/s, 最高分辨率: 1920x1080, 平均帧率: 50.00, 视频编解码器: h264, 音频编解码器: aac
分类: 各地卫视, 名称: 内蒙古卫视, 有效: 1, IPv4: 1, IPv6: 0, 最小延迟: 2467 ms, 最高速率: 1.39 M/s, 平均速率: 1.39 M/s, 最高分辨率: 1920x1080, 平均帧率: 未知, 视频编解码器: 未知, 音频编解码器: 未知
分类: 各地卫视, 名称: 江西卫视, 有效: 1, IPv4: 1, IPv6: 0, 最小延迟: 2740 ms, 最高速率: 1.13 M/s, 平均速率: 1.13 M/s, 最高分辨率: 1920x1080, 平均帧率: 50.00, 视频编解码器: h264, 音频编解码器: aac
分类: 各地卫视, 名称: 河南卫视, 有效: 0, IPv4: 1, IPv6: 0, 最小延迟: 5776 ms, 最高速率: 0.41 M/s, 平均速率: 0.00 M/s, 最高分辨率: 720x576, 平均帧率: 50.00, 视频编解码器: h264, 音频编解码器: mp2
分类: 各地卫视, 名称: 宁夏卫视, 有效: 1, IPv4: 1, IPv6: 0, 最小延迟: 51 ms, 最高速率: 97.12 M/s, 平均速率: 97.12 M/s, 最高分辨率: 1920x1080, 平均帧率: 未知, 视频编解码器: 未知, 音频编解码器: 未知
分类: 各地卫视, 名称: 香港卫视, 有效: 1, IPv4: 2, IPv6: 0, 最小延迟: 10412 ms, 最高速率: 0.36 M/s, 平均速率: 0.36 M/s, 最高分辨率: 1280x720, 平均帧率: 未知, 视频编解码器: 未知, 音频编解码器: 未知
分类: 港澳台, 名称: 凤凰资讯, 有效: 0, IPv4: 2, IPv6: 0, 最小延迟: -1 ms, 最高速率: 0.00 M/s, 平均速率: 0.00 M/s, 最高分辨率: None, 平均帧率: 未知, 视频编解码器: 未知, 音频编解码器: 未知
分类: 各地卫视, 名称: 东方卫视, 有效: 0, IPv4: 1, IPv6: 0, 最小延迟: 10519 ms, 最高速率: 0.03 M/s, 平均速率: 0.00 M/s, 最高分辨率: 1920x1080, 平均帧率: 25.00, 视频编解码器: h264, 音频编解码器: aac
分类: 各地卫视, 名称: 云南卫视, 有效: 0, IPv4: 1, IPv6: 0, 最小延迟: 1655 ms, 最高速率: 0.35 M/s, 平均速率: 0.00 M/s, 最高分辨率: 1920x1080, 平均帧率: 50.00, 视频编解码器: h264, 音频编解码器: 未知
分类: 港澳台, 名称: TVBS新闻, 有效: 0, IPv4: 1, IPv6: 0, 最小延迟: -1 ms, 最高速率: 0.00 M/s, 平均速率: 0.00 M/s, 最高分辨率: None, 平均帧率: 未知, 视频编解码器: 未知, 音频编解码器: 未知
分类: 港澳台, 名称: 凤凰中文, 有效: 1, IPv4: 1, IPv6: 0, 最小延迟: 2430 ms, 最高速率: 0.70 M/s, 平均速率: 0.70 M/s, 最高分辨率: 1920x1080, 平均帧率: 未知, 视频编解码器: 未知, 音频编解码器: 未知
分类: 港澳台, 名称: 中天新闻, 有效: 0, IPv4: 1, IPv6: 0, 最小延迟: -1 ms, 最高速率: 0.00 M/s, 平均速率: 0.00 M/s, 最高分辨率: 1920x1080, 平均帧率: 未知, 视频编解码器: 未知, 音频编解码器: 未知
分类: 轮播, 名称: CHC家庭影院, 有效: 0, IPv4: 1, IPv6: 0, 最小延迟: -1 ms, 最高速率: 0.00 M/s, 平均速率: 0.00 M/s, 最高分辨率: None, 平均帧率: 未知, 视频编解码器: 未知, 音频编解码器: 未知
分类: 各地卫视, 名称: 山西卫视, 有效: 0, IPv4: 2, IPv6: 0, 最小延迟: 2260 ms, 最高速率: 0.28 M/s, 平均速率: 0.00 M/s, 最高分辨率: 1920x1080, 平均帧率: 25.00, 视频编解码器: h264, 音频编解码器: aac
